Traceback (most recent call last):
  File "/home/pengyu/.local/lib/python3.9/site-packages/jupyter_cache/executors/utils.py", line 58, in single_nb_execution
    executenb(
  File "/software/python-anaconda-2022.05-el8-x86_64/lib/python3.9/site-packages/nbclient/client.py", line 1204, in execute
    return NotebookClient(nb=nb, resources=resources, km=km, **kwargs).execute()
  File "/software/python-anaconda-2022.05-el8-x86_64/lib/python3.9/site-packages/nbclient/util.py", line 84, in wrapped
    return just_run(coro(*args, **kwargs))
  File "/software/python-anaconda-2022.05-el8-x86_64/lib/python3.9/site-packages/nbclient/util.py", line 62, in just_run
    return loop.run_until_complete(coro)
  File "/software/python-anaconda-2022.05-el8-x86_64/lib/python3.9/asyncio/base_events.py", line 647, in run_until_complete
    return future.result()
  File "/software/python-anaconda-2022.05-el8-x86_64/lib/python3.9/site-packages/nbclient/client.py", line 663, in async_execute
    await self.async_execute_cell(
  File "/software/python-anaconda-2022.05-el8-x86_64/lib/python3.9/site-packages/nbclient/client.py", line 965, in async_execute_cell
    await self._check_raise_for_error(cell, cell_index, exec_reply)
  File "/software/python-anaconda-2022.05-el8-x86_64/lib/python3.9/site-packages/nbclient/client.py", line 862, in _check_raise_for_error
    raise CellExecutionError.from_cell_and_msg(cell, exec_reply_content)
nbclient.exceptions.CellExecutionError: An error occurred while executing the following cell:
------------------
import os
import pandas as pd
import numpy as np
import plotly.graph_objects as go

root_folder='/project/lhansen/HMC_book/Amazon/docs'
current_folder = root_folder+"/data/1043site"
pa_values = [ 41.11, 35.71,44.26]  # Example pa values

b = [0, 10, 15, 20, 25]

colors = ['red', 'green', 'blue', 'purple', 'cyan']
df_ori=pd.read_csv(current_folder+'/hmc_1043SitesModel.csv')
dfz_bar= df_ori['zbar_2017_1043Sites']
dfz_bar_np=dfz_bar.to_numpy()

fig = go.Figure()

# Load data for each pa and add to the plot as a separate trace
for idx, pa in enumerate(pa_values):
    if pa==41.11:
        pee=7.6
    elif pa==44.26:
        pee=7.8
    elif pa==35.71:
        pee=7.4
    pe = [pee + bi for bi in b]
    
    variable_dict = {}
    for j in range(5):
        order = j
        os.chdir(f"{current_folder}\\gams\\p_a_{pa}_p_e_{pe[order]}")
        dfz = pd.read_csv('amazon_data_z.dat', delimiter='\t')
        dfz = dfz.drop('T/R ', axis=1)
        dfz_zeronp = dfz.to_numpy()
        dfx = pd.read_csv('amazon_data_x.dat', delimiter='\t')
        dfx = dfx.drop('T   ', axis=1)
        dfx_np = dfx.to_numpy()
        variable_dict[f"results_zper{j}"] = []
        variable_dict[f"results_xagg_100{j}"] = np.round(dfx_np[:51]*100,1)
        flat_list = [item[0] for item in variable_dict[f"results_xagg_100{j}"]]
        variable_dict[f"results_xagg_100{j}"] = np.array(flat_list)
        is_visible = (pa == 41.11)
        fig.add_trace(
            go.Scatter(
                x=list(range(51)),
                y=variable_dict[f"results_xagg_100{j}"],
                mode='lines',
                name=f'pe={pe[j]}',
                line=dict(color=colors[j], width=4),
                visible=is_visible
            )
        )

# Reset the working directory to the original folder
os.chdir(current_folder)

# Create buttons for changing the visible trace
buttons = []
for idx, pa in enumerate(pa_values):
    buttons.append(dict(
        method='update',
        label=f'pa={pa}',
        args=[{'visible': [i >= idx*5 and i < (idx+1)*5 for i in range(len(pa_values)*5)]},
              {'title': f'carbon stock evolution for pa={pa}'}]
    ))

# Update layout with buttons
fig.update_layout(
    updatemenus=[dict(
        type="buttons",
        direction="right",
        x=0.7,
        xanchor="left",
        y=1.22,
        yanchor="top",
        buttons=buttons
    )],
    title="carbon stock evolution for pa=41.11",
    xaxis_title="Years",
    yaxis_title="X(billions CO2e)",
    width=800,  # Width of the figure in pixels
    height=400  # Height of the figure in pixels
)

fig.show()

------------------

[0;31m---------------------------------------------------------------------------[0m
[0;31mFileNotFoundError[0m                         Traceback (most recent call last)
Input [0;32mIn [2][0m, in [0;36m<cell line: 20>[0;34m()[0m
[1;32m     30[0m [38;5;28;01mfor[39;00m j [38;5;129;01min[39;00m [38;5;28mrange[39m([38;5;241m5[39m):
[1;32m     31[0m     order [38;5;241m=[39m j
[0;32m---> 32[0m     [43mos[49m[38;5;241;43m.[39;49m[43mchdir[49m[43m([49m[38;5;124;43mf[39;49m[38;5;124;43m"[39;49m[38;5;132;43;01m{[39;49;00m[43mcurrent_folder[49m[38;5;132;43;01m}[39;49;00m[38;5;130;43;01m\\[39;49;00m[38;5;124;43mgams[39;49m[38;5;130;43;01m\\[39;49;00m[38;5;124;43mp_a_[39;49m[38;5;132;43;01m{[39;49;00m[43mpa[49m[38;5;132;43;01m}[39;49;00m[38;5;124;43m_p_e_[39;49m[38;5;132;43;01m{[39;49;00m[43mpe[49m[43m[[49m[43morder[49m[43m][49m[38;5;132;43;01m}[39;49;00m[38;5;124;43m"[39;49m[43m)[49m
[1;32m     33[0m     dfz [38;5;241m=[39m pd[38;5;241m.[39mread_csv([38;5;124m'[39m[38;5;124mamazon_data_z.dat[39m[38;5;124m'[39m, delimiter[38;5;241m=[39m[38;5;124m'[39m[38;5;130;01m\t[39;00m[38;5;124m'[39m)
[1;32m     34[0m     dfz [38;5;241m=[39m dfz[38;5;241m.[39mdrop([38;5;124m'[39m[38;5;124mT/R [39m[38;5;124m'[39m, axis[38;5;241m=[39m[38;5;241m1[39m)

[0;31mFileNotFoundError[0m: [Errno 2] No such file or directory: '/project/lhansen/HMC_book/Amazon/docs/data/1043site\\gams\\p_a_41.11_p_e_7.6'
FileNotFoundError: [Errno 2] No such file or directory: '/project/lhansen/HMC_book/Amazon/docs/data/1043site\\gams\\p_a_41.11_p_e_7.6'

