Traceback (most recent call last):
  File "/home/pengyu/.local/lib/python3.9/site-packages/jupyter_cache/executors/utils.py", line 58, in single_nb_execution
    executenb(
  File "/software/python-anaconda-2022.05-el8-x86_64/lib/python3.9/site-packages/nbclient/client.py", line 1204, in execute
    return NotebookClient(nb=nb, resources=resources, km=km, **kwargs).execute()
  File "/software/python-anaconda-2022.05-el8-x86_64/lib/python3.9/site-packages/nbclient/util.py", line 84, in wrapped
    return just_run(coro(*args, **kwargs))
  File "/software/python-anaconda-2022.05-el8-x86_64/lib/python3.9/site-packages/nbclient/util.py", line 62, in just_run
    return loop.run_until_complete(coro)
  File "/software/python-anaconda-2022.05-el8-x86_64/lib/python3.9/asyncio/base_events.py", line 647, in run_until_complete
    return future.result()
  File "/software/python-anaconda-2022.05-el8-x86_64/lib/python3.9/site-packages/nbclient/client.py", line 663, in async_execute
    await self.async_execute_cell(
  File "/software/python-anaconda-2022.05-el8-x86_64/lib/python3.9/site-packages/nbclient/client.py", line 965, in async_execute_cell
    await self._check_raise_for_error(cell, cell_index, exec_reply)
  File "/software/python-anaconda-2022.05-el8-x86_64/lib/python3.9/site-packages/nbclient/client.py", line 862, in _check_raise_for_error
    raise CellExecutionError.from_cell_and_msg(cell, exec_reply_content)
nbclient.exceptions.CellExecutionError: An error occurred while executing the following cell:
------------------

import pandas as pd
import os
import plotly.figure_factory as ff
import numpy as np
import plotly.graph_objects as go
import seaborn as sns
import matplotlib.pyplot as plt
import pickle
# import matplotlib.pyplot as plt
import pandas as pd
from matplotlib.backends.backend_pdf import PdfPages
os.getcwd()

# import pathlib
# temp = pathlib.PosixPath
# pathlib.PosixPath = pathlib.WindowsPath


with open("data/b0.pcl", 'rb') as f:
    # Load the data from the file
    b0 = pickle.load(f)
with open("data/b15.pcl", 'rb') as f:
    # Load the data from the file
    b15 = pickle.load(f)
    
with open('data/prior.pcl', 'rb') as f:
    # Load the data from the file
    results_unadjusted = pickle.load(f)
    
site=78

# pdf_pages = PdfPages('mixture.pdf')

theta_unadjusted=results_unadjusted['theta'][:,:16000]
gamma_unadjusted=results_unadjusted['gamma'][:,:16000]
theta_adjusted_b0=b0['final_sample'][:16000,:78]
gamma_adjusted_b0=b0['final_sample'][:16000,78:]
theta_adjusted_b15=b15['final_sample'][:16000,:78]
gamma_adjusted_b15=b15['final_sample'][:16000,78:]

initial_site_index = 73 

sites = site  # Total number of sites, replace `site` with actual variable if not defined

# Creating the initial figure that will be updated
fig = go.Figure()

# Loop to add all KDE plots to the figure but set them to be invisible initially
for idx in range(sites):
    data = [gamma_unadjusted[:, idx], gamma_adjusted_b0[:, idx], gamma_adjusted_b15[:, idx]]
    group_labels = ['Baseline', 'b=0', 'b=15']
    colors = ['black', 'red', 'blue']
    
    # We create one distplot for each site and store them in different traces
    distplot = ff.create_distplot(data, group_labels, show_hist=False, show_rug=False, colors=colors,bin_size=0.1)
    trace_idx = 0
    for trace in distplot.data:
        trace.visible = False  # Set all to invisible initially
        if trace_idx == 1 or trace_idx == 2:
            trace.update(mode='lines', fill='tozeroy')
        trace.update(line=dict(width=4))
        fig.add_trace(trace)
        trace_idx += 1

# Creating buttons for the dropdown menu
buttons = []
initial_visibility = [False] * len(fig.data) 
for idx in range(sites):
    visibility = [False] * len(fig.data)
    
    # We need to toggle visibility of traces in groups of 3 (as each distplot added 3 traces)
    for j in range(idx * 3, (idx + 1) * 3):
        visibility[j] = True
    
    button = dict(
        label=f'Site {idx + 1}',
        method='update',
        args=[{'visible': visibility},
              {'title': f'Probability Density for γ at Site {idx + 1}'}]
    )
    buttons.append(button)
    if idx == initial_site_index:
        initial_visibility = visibility.copy()
        
# Update initial visibility 
for i, vis in enumerate(initial_visibility):
    fig.data[i].visible = vis
    
# Adding the dropdown menus to the figure
fig.update_layout(
    updatemenus=[{
        'buttons': buttons,
        'active': initial_site_index,
        'direction': 'down',
        'showactive': True,
        'x': 0.5,
        'xanchor': 'center',
        'y': 1.15,
        'yanchor': 'top'
    }],
    title=f'Figure 9(a) Probability Density for γ at Site {initial_site_index + 1}',
    xaxis_title='Parameter Value',
    yaxis_title='Density',
    width=800,  # Width of the figure in pixels
    height=600  # Height of the figure in pixels
)



# Show the figure
fig.show()

------------------

[0;31m---------------------------------------------------------------------------[0m
[0;31mFileNotFoundError[0m                         Traceback (most recent call last)
Input [0;32mIn [1][0m, in [0;36m<cell line: 19>[0;34m()[0m
[1;32m     12[0m os[38;5;241m.[39mgetcwd()
[1;32m     14[0m [38;5;66;03m# import pathlib[39;00m
[1;32m     15[0m [38;5;66;03m# temp = pathlib.PosixPath[39;00m
[1;32m     16[0m [38;5;66;03m# pathlib.PosixPath = pathlib.WindowsPath[39;00m
[0;32m---> 19[0m [38;5;28;01mwith[39;00m [38;5;28;43mopen[39;49m[43m([49m[38;5;124;43m"[39;49m[38;5;124;43mdata/b0.pcl[39;49m[38;5;124;43m"[39;49m[43m,[49m[43m [49m[38;5;124;43m'[39;49m[38;5;124;43mrb[39;49m[38;5;124;43m'[39;49m[43m)[49m [38;5;28;01mas[39;00m f:
[1;32m     20[0m     [38;5;66;03m# Load the data from the file[39;00m
[1;32m     21[0m     b0 [38;5;241m=[39m pickle[38;5;241m.[39mload(f)
[1;32m     22[0m [38;5;28;01mwith[39;00m [38;5;28mopen[39m([38;5;124m"[39m[38;5;124mdata/b15.pcl[39m[38;5;124m"[39m, [38;5;124m'[39m[38;5;124mrb[39m[38;5;124m'[39m) [38;5;28;01mas[39;00m f:
[1;32m     23[0m     [38;5;66;03m# Load the data from the file[39;00m

[0;31mFileNotFoundError[0m: [Errno 2] No such file or directory: 'data/b0.pcl'
FileNotFoundError: [Errno 2] No such file or directory: 'data/b0.pcl'

