Traceback (most recent call last):
  File "/home/pengyu/.local/lib/python3.9/site-packages/jupyter_cache/executors/utils.py", line 58, in single_nb_execution
    executenb(
  File "/software/python-anaconda-2022.05-el8-x86_64/lib/python3.9/site-packages/nbclient/client.py", line 1204, in execute
    return NotebookClient(nb=nb, resources=resources, km=km, **kwargs).execute()
  File "/software/python-anaconda-2022.05-el8-x86_64/lib/python3.9/site-packages/nbclient/util.py", line 84, in wrapped
    return just_run(coro(*args, **kwargs))
  File "/software/python-anaconda-2022.05-el8-x86_64/lib/python3.9/site-packages/nbclient/util.py", line 62, in just_run
    return loop.run_until_complete(coro)
  File "/software/python-anaconda-2022.05-el8-x86_64/lib/python3.9/asyncio/base_events.py", line 647, in run_until_complete
    return future.result()
  File "/software/python-anaconda-2022.05-el8-x86_64/lib/python3.9/site-packages/nbclient/client.py", line 663, in async_execute
    await self.async_execute_cell(
  File "/software/python-anaconda-2022.05-el8-x86_64/lib/python3.9/site-packages/nbclient/client.py", line 965, in async_execute_cell
    await self._check_raise_for_error(cell, cell_index, exec_reply)
  File "/software/python-anaconda-2022.05-el8-x86_64/lib/python3.9/site-packages/nbclient/client.py", line 862, in _check_raise_for_error
    raise CellExecutionError.from_cell_and_msg(cell, exec_reply_content)
nbclient.exceptions.CellExecutionError: An error occurred while executing the following cell:
------------------
import geopandas as gpd
import plotly.graph_objects as go
import ipywidgets as widgets
from pathlib import Path
import os
import matplotlib.pyplot as plt
# ------------------------------------------------------------------
# 1.  Load geometries  (your two files)
# ------------------------------------------------------------------


amazon_biome = gpd.read_file('../data/map.geojson')        # outlines
sites_gdf    = gpd.read_file('../data/id_78.geojson')        # 78 sites
sites_gdf    = sites_gdf.to_crs(epsg=4326)                      # ensure WGS84


fig, ax = plt.subplots()

sites_gdf.boundary.plot(edgecolor='black', facecolor='none', linewidth=0.5, ax=ax)
amazon_biome.boundary.plot(color="black", linewidth=1.2, ax=ax)

for x, y, id in zip(id_det.geometry.centroid.x, id_det.geometry.centroid.y, sites_gdf['id']):

    ax.text(x, y, str(id), fontsize=14, ha='center', va='center', fontweight='bold', color='blue')


ax.axis('off') 
plt.tight_layout()
plt.show()

------------------

[0;31m---------------------------------------------------------------------------[0m
[0;31mNameError[0m                                 Traceback (most recent call last)
Cell [0;32mIn[3], line 22[0m
[1;32m     19[0m sites_gdf[38;5;241m.[39mboundary[38;5;241m.[39mplot(edgecolor[38;5;241m=[39m[38;5;124m'[39m[38;5;124mblack[39m[38;5;124m'[39m, facecolor[38;5;241m=[39m[38;5;124m'[39m[38;5;124mnone[39m[38;5;124m'[39m, linewidth[38;5;241m=[39m[38;5;241m0.5[39m, ax[38;5;241m=[39max)
[1;32m     20[0m amazon_biome[38;5;241m.[39mboundary[38;5;241m.[39mplot(color[38;5;241m=[39m[38;5;124m"[39m[38;5;124mblack[39m[38;5;124m"[39m, linewidth[38;5;241m=[39m[38;5;241m1.2[39m, ax[38;5;241m=[39max)
[0;32m---> 22[0m [38;5;28;01mfor[39;00m x, y, [38;5;28mid[39m [38;5;129;01min[39;00m [38;5;28mzip[39m([43mid_det[49m[38;5;241m.[39mgeometry[38;5;241m.[39mcentroid[38;5;241m.[39mx, id_det[38;5;241m.[39mgeometry[38;5;241m.[39mcentroid[38;5;241m.[39my, sites_gdf[[38;5;124m'[39m[38;5;124mid[39m[38;5;124m'[39m]):
[1;32m     24[0m     ax[38;5;241m.[39mtext(x, y, [38;5;28mstr[39m([38;5;28mid[39m), fontsize[38;5;241m=[39m[38;5;241m14[39m, ha[38;5;241m=[39m[38;5;124m'[39m[38;5;124mcenter[39m[38;5;124m'[39m, va[38;5;241m=[39m[38;5;124m'[39m[38;5;124mcenter[39m[38;5;124m'[39m, fontweight[38;5;241m=[39m[38;5;124m'[39m[38;5;124mbold[39m[38;5;124m'[39m, color[38;5;241m=[39m[38;5;124m'[39m[38;5;124mblue[39m[38;5;124m'[39m)
[1;32m     27[0m ax[38;5;241m.[39maxis([38;5;124m'[39m[38;5;124moff[39m[38;5;124m'[39m) 

[0;31mNameError[0m: name 'id_det' is not defined
NameError: name 'id_det' is not defined

